P-CAD Schematic ASCII File Export Log :
   Current document: D:\HoangVuong\RheoBoard_Adafruit_V6\RheoBoard_Adafruit_V6\MICROPROCESSOR\POWER.sch
   BeginLog
      Information : 
      Information :   Start exporting symbols
      Information :    Exporting symbol definition(s) for component [MPRLS0025PA00001A]
      Warning :     Symbol name [MPRLS0025PA00001A], mode [Normal], part [1] changed to [MPRLS0025PA00001A_1_N]
      Warning :     Rectangle [-600mil : -700mil]-[600mil : 700mil] exported as lines.
      Information : Start exporting the symbol definitions for power ports
      Warning :     End exporting the symbol defintions for power ports
      Information :   End exporting symbols
      Information : 
      Information : 
      Information :   Start exporting components
      Information :    Exporting component [MPRLS0025PA00001A]
      Information : Start exporting component definitions for power ports
      Warning :     End exporting component definitions for powerports
      Information :   End exporting components
      Information : 
   EndLog
   Imported succesfully!
 
      Information : Start export of netlist
      Information : Start export of component instances
      Information : End export of component instances
      Information : Start export of nets
      Information : End export of nets
      Information : End export of netlist
      Warning :     Workspace size [177165.36 : 177165.36] exceeds maximum limit which is [60000 : 60000] units. Some objects may fall outside workspace
      Information : Sheet name [PRT-14417] changed to [PRT_14417]
      Information : Start exporting the objects for sheet [PRT-14417]
      Information : Start WIRES export
      Information : End WIRES export
      Information : Start BUSES export
      Information : End BUSES export
      Information : Start PORTS export
      Information : End PORTS export
      Warning :     Rectangle [-125mil : 187.5mil]-[-62.5mil : 212.5mil] exported as lines.
      Warning :     Rectangle [-125mil : 87.5mil]-[-62.5mil : 112.5mil] exported as lines.
      Warning :     Rectangle [-125mil : -12.5mil]-[-62.5mil : 12.5mil] exported as lines.
      Warning :     Rectangle [-125mil : -112.5mil]-[-62.5mil : -87.5mil] exported as lines.
      Information : End exporting the objects for sheet [PRT-14417]
      Information : Start exporting the objects for sheet [TCA9534APWR]
      Information : Start WIRES export
      Information : End WIRES export
      Information : Start BUSES export
      Information : End BUSES export
      Information : Start PORTS export
      Information : End PORTS export
      Warning :     Rectangle [-500mil : -800mil]-[500mil : 800mil] exported as lines.
      Information : End exporting the objects for sheet [TCA9534APWR]
      Information : Start exporting the objects for sheet [LIB_PRESSURE]
      Information : Start WIRES export
      Information : End WIRES export
      Information : Start BUSES export
      Information : End BUSES export
      Information : Start PORTS export
      Information : End PORTS export
      Warning :     Ellipse at position [0mil : 0mil] approximated with a circular arc
      Warning :     Ellipse at position [-200mil : 0mil] approximated with a circular arc
      Warning :     Ellipse at position [200mil : 0mil] approximated with a circular arc
      Information : End exporting the objects for sheet [LIB_PRESSURE]
      Information : Start exporting the objects for sheet [COVER]
      Information : Start WIRES export
      Information : End WIRES export
      Information : Start BUSES export
      Information : End BUSES export
      Information : Start PORTS export
      Information : End PORTS export
      Warning :     P-CAD doesn't support object type [Parameter]
      Warning :     P-CAD doesn't support object type [Parameter]
      Warning :     P-CAD doesn't support object type [Parameter]
      Warning :     P-CAD doesn't support object type [Parameter]
      Warning :     P-CAD doesn't support object type [Parameter]
      Warning :     P-CAD doesn't support object type [Parameter]
      Warning :     P-CAD doesn't support object type [Parameter]
      Warning :     P-CAD doesn't support object type [Parameter]
      Warning :     P-CAD doesn't support object type [Parameter]
      Warning :     P-CAD doesn't support object type [Parameter]
      Warning :     P-CAD doesn't support object type [Parameter]
      Warning :     P-CAD doesn't support object type [Parameter]
      Warning :     P-CAD doesn't support object type [Parameter]
      Warning :     P-CAD doesn't support object type [Parameter]
      Warning :     P-CAD doesn't support object type [Parameter]
      Warning :     P-CAD doesn't support object type [Parameter]
      Warning :     P-CAD doesn't support object type [Parameter]
      Warning :     P-CAD doesn't support object type [Parameter]
      Warning :     P-CAD doesn't support object type [Parameter]
      Warning :     P-CAD doesn't support object type [Parameter]
      Warning :     P-CAD doesn't support object type [Parameter]
      Warning :     P-CAD doesn't support object type [Parameter]
      Warning :     P-CAD doesn't support object type [Parameter]
      Warning :     P-CAD doesn't support object type [Parameter]
      Warning :     P-CAD doesn't support object type [Parameter]
      Warning :     P-CAD doesn't support object type [Parameter]
      Warning :     P-CAD doesn't support object type [Parameter]
      Warning :     SheetSymbol [3200mil : 5800mil]-[4700mil : 3300mil] exported as lines
      Warning :     SheetSymbol name [U_MCU] exported as Text
      Warning :     SheetSymbol filename [MCU.SchDoc] exported as Text
      Warning :     SheetSymbol [6400mil : 5800mil]-[7900mil : 3300mil] exported as lines
      Warning :     SheetSymbol name [U_PERIPHERAL] exported as Text
      Warning :     SheetSymbol filename [PERIPHERAL.SchDoc] exported as Text
      Warning :     SheetSymbol [300mil : 1700mil]-[1800mil : 1200mil] exported as lines
      Warning :     SheetSymbol name [U_POWER] exported as Text
      Warning :     SheetSymbol filename [POWER.SchDoc] exported as Text
      Information : End exporting the objects for sheet [COVER]
      Information : Start exporting the objects for sheet [POWER]
      Information : Start WIRES export
      Information : End WIRES export
      Information : Start BUSES export
      Information : End BUSES export
      Information : Start PORTS export
      Information : End PORTS export
      Warning :     P-CAD doesn't support object type [Parameter]
      Warning :     P-CAD doesn't support object type [Parameter]
      Warning :     P-CAD doesn't support object type [Parameter]
      Warning :     P-CAD doesn't support object type [Parameter]
      Warning :     P-CAD doesn't support object type [Parameter]
      Warning :     P-CAD doesn't support object type [Parameter]
      Warning :     P-CAD doesn't support object type [Parameter]
      Warning :     P-CAD doesn't support object type [Parameter]
      Warning :     P-CAD doesn't support object type [Parameter]
      Warning :     P-CAD doesn't support object type [Parameter]
      Warning :     P-CAD doesn't support object type [Parameter]
      Warning :     P-CAD doesn't support object type [Parameter]
      Warning :     P-CAD doesn't support object type [Parameter]
      Warning :     P-CAD doesn't support object type [Parameter]
      Warning :     P-CAD doesn't support object type [Parameter]
      Warning :     P-CAD doesn't support object type [Parameter]
      Warning :     P-CAD doesn't support object type [Parameter]
      Warning :     P-CAD doesn't support object type [Parameter]
      Warning :     P-CAD doesn't support object type [Parameter]
      Warning :     P-CAD doesn't support object type [Parameter]
      Warning :     P-CAD doesn't support object type [Parameter]
      Warning :     P-CAD doesn't support object type [Parameter]
      Warning :     P-CAD doesn't support object type [Parameter]
      Warning :     P-CAD doesn't support object type [Parameter]
      Warning :     P-CAD doesn't support object type [Parameter]
      Warning :     P-CAD doesn't support object type [Parameter]
      Warning :     P-CAD doesn't support object type [Parameter]
      Warning :     Exporting powerport at [7100mil : 6600mil] as component with designator [P4V51]
      Warning :     Exporting powerport at [1500mil : 6900mil] as component with designator [PP121]
      Warning :     Exporting powerport at [2400mil : 5700mil] as component with designator [GND1]
      Warning :     Exporting powerport at [5800mil : 5700mil] as component with designator [GND2]
      Warning :     Exporting powerport at [5400mil : 1200mil] as component with designator [GND3]
      Warning :     Exporting powerport at [4500mil : 2000mil] as component with designator [P3V31]
      Warning :     Exporting powerport at [5400mil : 2000mil] as component with designator [PD3V31]
      Warning :     Exporting powerport at [2700mil : 2000mil] as component with designator [P4V5A1]
      Warning :     Exporting powerport at [1900mil : 2000mil] as component with designator [P4V52]
      Warning :     Exporting powerport at [500mil : 1900mil] as component with designator [P4V5A2]
      Warning :     Exporting powerport at [1000mil : 1000mil] as component with designator [GND4]
      Warning :     Exporting powerport at [3300mil : 6900mil] as component with designator [PVIN1]
      Warning :     Exporting powerport at [7200mil : 4500mil] as component with designator [P6V1]
      Warning :     Exporting powerport at [5900mil : 3600mil] as component with designator [GND5]
      Warning :     Exporting powerport at [2700mil : 4100mil] as component with designator [GND6]
      Warning :     Exporting powerport at [3300mil : 4800mil] as component with designator [PVIN2]
      Warning :     P-CAD doesn't support object type [Parameter]
      Warning :     P-CAD doesn't support object type [Unknown]
      Warning :     P-CAD doesn't support object type [Unknown]
      Warning :     P-CAD doesn't support object type [Unknown]
      Warning :     P-CAD doesn't support object type [Unknown]
      Information : End exporting the objects for sheet [POWER]
      Information : Start exporting the objects for sheet [MCU]
      Information : Start WIRES export
      Information : End WIRES export
      Information : Start BUSES export
      Information : End BUSES export
      Information : Start PORTS export
      Information : End PORTS export
      Warning :     P-CAD doesn't support object type [Parameter]
      Warning :     P-CAD doesn't support object type [Parameter]
      Warning :     P-CAD doesn't support object type [Parameter]
      Warning :     P-CAD doesn't support object type [Parameter]
      Warning :     P-CAD doesn't support object type [Parameter]
      Warning :     P-CAD doesn't support object type [Parameter]
      Warning :     P-CAD doesn't support object type [Parameter]
      Warning :     P-CAD doesn't support object type [Parameter]
      Warning :     P-CAD doesn't support object type [Parameter]
      Warning :     P-CAD doesn't support object type [Parameter]
      Warning :     P-CAD doesn't support object type [Parameter]
      Warning :     P-CAD doesn't support object type [Parameter]
      Warning :     P-CAD doesn't support object type [Parameter]
      Warning :     P-CAD doesn't support object type [Parameter]
      Warning :     P-CAD doesn't support object type [Parameter]
      Warning :     P-CAD doesn't support object type [Parameter]
      Warning :     P-CAD doesn't support object type [Parameter]
      Warning :     P-CAD doesn't support object type [Parameter]
      Warning :     P-CAD doesn't support object type [Parameter]
      Warning :     P-CAD doesn't support object type [Parameter]
      Warning :     P-CAD doesn't support object type [Parameter]
      Warning :     P-CAD doesn't support object type [Parameter]
      Warning :     P-CAD doesn't support object type [Parameter]
      Warning :     P-CAD doesn't support object type [Parameter]
      Warning :     P-CAD doesn't support object type [Parameter]
      Warning :     P-CAD doesn't support object type [Parameter]
      Warning :     P-CAD doesn't support object type [Parameter]
      Warning :     Exporting powerport at [5600mil : 4600mil] as component with designator [PD3V32]
      Warning :     Exporting powerport at [5600mil : 3300mil] as component with designator [GND7]
      Warning :     Exporting powerport at [3300mil : 4500mil] as component with designator [PD3V33]
      Warning :     Exporting powerport at [4700mil : 5500mil] as component with designator [PD3V34]
      Warning :     Exporting powerport at [4700mil : 5200mil] as component with designator [GND8]
      Warning :     Exporting powerport at [4200mil : 4400mil] as component with designator [PD3V35]
      Warning :     Exporting powerport at [6200mil : 6400mil] as component with designator [PD3V36]
      Warning :     Exporting powerport at [6200mil : 6300mil] as component with designator [GND9]
      Warning :     Exporting powerport at [10000mil : 4000mil] as component with designator [PD3V37]
      Warning :     Exporting powerport at [10000mil : 3700mil] as component with designator [GND10]
      Warning :     Exporting powerport at [8900mil : 3200mil] as component with designator [GND11]
      Warning :     Exporting powerport at [7000mil : 4300mil] as component with designator [PD3V38]
      Warning :     Exporting powerport at [4800mil : 6400mil] as component with designator [PD3V39]
      Warning :     Exporting powerport at [4800mil : 6300mil] as component with designator [GND12]
      Warning :     Exporting powerport at [5000mil : 1500mil] as component with designator [GND13]
      Warning :     Exporting powerport at [2800mil : 2800mil] as component with designator [PD3V310]
      Warning :     Exporting powerport at [2800mil : 1100mil] as component with designator [GND14]
      Warning :     Exporting powerport at [3800mil : 2800mil] as component with designator [PD3V311]
      Warning :     Exporting powerport at [3800mil : 1100mil] as component with designator [GND15]
      Warning :     Exporting powerport at [8900mil : 4900mil] as component with designator [PD3V312]
      Warning :     Exporting powerport at [3900mil : 6300mil] as component with designator [GND16]
      Warning :     Exporting powerport at [3400mil : 5500mil] as component with designator [GND17]
      Warning :     Exporting powerport at [2400mil : 5500mil] as component with designator [GND18]
      Warning :     Exporting powerport at [5900mil : 4800mil] as component with designator [PD3V313]
      Warning :     Exporting powerport at [3600mil : 6600mil] as component with designator [PD3V314]
      Warning :     Exporting powerport at [3400mil : 5600mil] as component with designator [PD3V315]
      Warning :     Exporting powerport at [2400mil : 5600mil] as component with designator [PD3V316]
      Warning :     Exporting powerport at [5000mil : 2300mil] as component with designator [PD3V317]
      Information : End exporting the objects for sheet [MCU]
      Information : Start exporting the objects for sheet [PERIPHERAL]
      Information : Start WIRES export
      Information : End WIRES export
      Information : Start BUSES export
      Information : End BUSES export
      Information : Start PORTS export
      Information : End PORTS export
      Warning :     P-CAD doesn't support object type [Parameter]
      Warning :     P-CAD doesn't support object type [Parameter]
      Warning :     P-CAD doesn't support object type [Parameter]
      Warning :     P-CAD doesn't support object type [Parameter]
      Warning :     P-CAD doesn't support object type [Parameter]
      Warning :     P-CAD doesn't support object type [Parameter]
      Warning :     P-CAD doesn't support object type [Parameter]
      Warning :     P-CAD doesn't support object type [Parameter]
      Warning :     P-CAD doesn't support object type [Parameter]
      Warning :     P-CAD doesn't support object type [Parameter]
      Warning :     P-CAD doesn't support object type [Parameter]
      Warning :     P-CAD doesn't support object type [Parameter]
      Warning :     P-CAD doesn't support object type [Parameter]
      Warning :     P-CAD doesn't support object type [Parameter]
      Warning :     P-CAD doesn't support object type [Parameter]
      Warning :     P-CAD doesn't support object type [Parameter]
      Warning :     P-CAD doesn't support object type [Parameter]
      Warning :     P-CAD doesn't support object type [Parameter]
      Warning :     P-CAD doesn't support object type [Parameter]
      Warning :     P-CAD doesn't support object type [Parameter]
      Warning :     P-CAD doesn't support object type [Parameter]
      Warning :     P-CAD doesn't support object type [Parameter]
      Warning :     P-CAD doesn't support object type [Parameter]
      Warning :     P-CAD doesn't support object type [Parameter]
      Warning :     P-CAD doesn't support object type [Parameter]
      Warning :     P-CAD doesn't support object type [Parameter]
      Warning :     P-CAD doesn't support object type [Parameter]
      Warning :     Exporting powerport at [7600mil : 6300mil] as component with designator [P4V53]
      Warning :     Exporting powerport at [7600mil : 4600mil] as component with designator [P4V54]
      Warning :     Exporting powerport at [3500mil : 2600mil] as component with designator [P6V2]
      Warning :     Exporting powerport at [6900mil : 2600mil] as component with designator [P6V3]
      Warning :     Exporting powerport at [900mil : 7000mil] as component with designator [PD3V318]
      Warning :     Exporting powerport at [1600mil : 7000mil] as component with designator [PD3V319]
      Warning :     Exporting powerport at [900mil : 5300mil] as component with designator [GND19]
      Warning :     Exporting powerport at [1600mil : 5300mil] as component with designator [GND20]
      Warning :     Exporting powerport at [4900mil : 5600mil] as component with designator [GND21]
      Warning :     Exporting powerport at [8000mil : 6600mil] as component with designator [P4V55]
      Warning :     Exporting powerport at [8000mil : 6300mil] as component with designator [GND22]
      Warning :     Exporting powerport at [8000mil : 5300mil] as component with designator [P4V56]
      Warning :     Exporting powerport at [8000mil : 5000mil] as component with designator [GND23]
      Warning :     Exporting powerport at [5900mil : 1700mil] as component with designator [P6V4]
      Warning :     Exporting powerport at [5900mil : 1400mil] as component with designator [GND24]
      Warning :     Exporting powerport at [2500mil : 1800mil] as component with designator [P6V5]
      Warning :     Exporting powerport at [2500mil : 1500mil] as component with designator [GND25]
      Warning :     Exporting powerport at [4900mil : 4300mil] as component with designator [GND26]
      Warning :     Exporting powerport at [5000mil : 1900mil] as component with designator [GND27]
      Warning :     Exporting powerport at [1600mil : 1800mil] as component with designator [GND28]
      Information : End exporting the objects for sheet [PERIPHERAL]
      Information : Start exporting the objects for sheet [Copy of KhanhBK_SCH_Library_1]
      Information : Start WIRES export
      Information : End WIRES export
      Information : Start BUSES export
      Information : End BUSES export
      Information : Start PORTS export
      Information : End PORTS export
      Information : End exporting the objects for sheet [Copy of KhanhBK_SCH_Library_1]
      Information : Start exporting the objects for sheet [KhanhBK_SCH_Library_1]
      Information : Start WIRES export
      Information : End WIRES export
      Information : Start BUSES export
      Information : End BUSES export
      Information : Start PORTS export
      Information : End PORTS export
      Information : End exporting the objects for sheet [KhanhBK_SCH_Library_1]
      Information : Start exporting the objects for sheet [KhanhBK_SCH_Library_2]
      Information : Start WIRES export
      Information : End WIRES export
      Information : Start BUSES export
      Information : End BUSES export
      Information : Start PORTS export
      Information : End PORTS export
      Information : End exporting the objects for sheet [KhanhBK_SCH_Library_2]
EndLog
